#! /usr/bin/vvp
:ivl_version "11.0 (stable)";
:ivl_delay_selection "TYPICAL";
:vpi_time_precision + 0;
:vpi_module "/usr/lib/x86_64-linux-gnu/ivl/system.vpi";
:vpi_module "/usr/lib/x86_64-linux-gnu/ivl/vhdl_sys.vpi";
:vpi_module "/usr/lib/x86_64-linux-gnu/ivl/vhdl_textio.vpi";
:vpi_module "/usr/lib/x86_64-linux-gnu/ivl/v2005_math.vpi";
:vpi_module "/usr/lib/x86_64-linux-gnu/ivl/va_math.vpi";
:vpi_module "/usr/lib/x86_64-linux-gnu/ivl/v2009.vpi";
S_0x59637df0d030 .scope package, "$unit" "$unit" 2 1;
 .timescale 0 0;
S_0x59637ded2ca0 .scope module, "mena_top_stub" "mena_top_stub" 3 1;
 .timescale 0 0;
    .port_info 0 /INPUT 1 "clk";
    .port_info 1 /INPUT 1 "rst_n";
    .port_info 2 /INPUT 1 "score_valid";
    .port_info 3 /INPUT 5 "score_token_id";
    .port_info 4 /INPUT 128 "score_vector";
    .port_info 5 /INPUT 1 "start_dispatch";
    .port_info 6 /OUTPUT 48 "expert_count";
    .port_info 7 /OUTPUT 1 "dispatch_valid";
    .port_info 8 /OUTPUT 3 "dispatch_expert_id";
    .port_info 9 /OUTPUT 5 "dispatch_token_id";
    .port_info 10 /OUTPUT 1 "dispatch_done";
P_0x59637ded2e30 .param/l "IDX_WIDTH" 0 3 6, +C4<00000000000000000000000000000011>;
P_0x59637ded2e70 .param/l "NUM_EXPERTS" 0 3 2, +C4<00000000000000000000000000001000>;
P_0x59637ded2eb0 .param/l "NUM_TOKENS" 0 3 3, +C4<00000000000000000000000000100000>;
P_0x59637ded2ef0 .param/l "SCORE_WIDTH" 0 3 5, +C4<00000000000000000000000000010000>;
P_0x59637ded2f30 .param/l "TOK_WIDTH" 0 3 7, +C4<00000000000000000000000000000101>;
P_0x59637ded2f70 .param/l "TOP_K" 0 3 4, +C4<00000000000000000000000000000010>;
o0x74e822638228 .functor BUFZ 1, C4<z>; HiZ drive
v0x59637df354d0_0 .net "clk", 0 0, o0x74e822638228;  0 drivers
v0x59637df35570_0 .net "dispatch_done", 0 0, v0x59637df32100_0;  1 drivers
v0x59637df35640_0 .net "dispatch_expert_id", 2 0, v0x59637df321c0_0;  1 drivers
v0x59637df35740_0 .net "dispatch_token_id", 4 0, v0x59637df322f0_0;  1 drivers
v0x59637df35810_0 .net "dispatch_valid", 0 0, v0x59637df323d0_0;  1 drivers
v0x59637df35900_0 .net "expert_count", 47 0, v0x59637df32490_0;  1 drivers
o0x74e822638438 .functor BUFZ 1, C4<z>; HiZ drive
v0x59637df359d0_0 .net "rst_n", 0 0, o0x74e822638438;  0 drivers
o0x74e822639728 .functor BUFZ 5, C4<zzzzz>; HiZ drive
v0x59637df35aa0_0 .net "score_token_id", 4 0, o0x74e822639728;  0 drivers
o0x74e8226396c8 .functor BUFZ 1, C4<z>; HiZ drive
v0x59637df35b70_0 .net "score_valid", 0 0, o0x74e8226396c8;  0 drivers
o0x74e822639c38 .functor BUFZ 128, C4<zzzzzzzzzzzzzzzzzzzzzzzzzzzzzzzzzzzzzzzzzzzzzzzzzzzzzzzzzzzzzzzzzzzzzzzzzzzzzzzzzzzzzzzzzzzzzzzzzzzzzzzzzzzzzzzzzzzzzzzzzzzzzzzz>; HiZ drive
v0x59637df35c40_0 .net "score_vector", 127 0, o0x74e822639c38;  0 drivers
v0x59637df35d10_0 .net "selector_topk_idx", 5 0, v0x59637df352d0_0;  1 drivers
v0x59637df35db0_0 .net "selector_topk_score", 31 0, v0x59637df35390_0;  1 drivers
o0x74e822638468 .functor BUFZ 1, C4<z>; HiZ drive
v0x59637df35e50_0 .net "start_dispatch", 0 0, o0x74e822638468;  0 drivers
S_0x59637deedb80 .scope module, "u_token_dispatcher" "token_dispatcher" 3 50, 4 1 0, S_0x59637ded2ca0;
 .timescale 0 0;
    .port_info 0 /INPUT 1 "clk";
    .port_info 1 /INPUT 1 "rst_n";
    .port_info 2 /INPUT 1 "wr_en";
    .port_info 3 /INPUT 5 "wr_token_id";
    .port_info 4 /INPUT 6 "wr_expert_ids";
    .port_info 5 /INPUT 1 "start_dispatch";
    .port_info 6 /OUTPUT 48 "expert_count";
    .port_info 7 /OUTPUT 1 "dispatch_valid";
    .port_info 8 /OUTPUT 3 "dispatch_expert_id";
    .port_info 9 /OUTPUT 5 "dispatch_token_id";
    .port_info 10 /OUTPUT 1 "dispatch_done";
P_0x59637deedd10 .param/l "IDX_WIDTH" 0 4 5, +C4<00000000000000000000000000000011>;
P_0x59637deedd50 .param/l "NUM_EXPERTS" 0 4 2, +C4<00000000000000000000000000001000>;
P_0x59637deedd90 .param/l "NUM_TOKENS" 0 4 3, +C4<00000000000000000000000000100000>;
P_0x59637deeddd0 .param/l "TOK_WIDTH" 0 4 6, +C4<00000000000000000000000000000101>;
P_0x59637deede10 .param/l "TOP_K" 0 4 4, +C4<00000000000000000000000000000010>;
enum0x59637de8fb80 .enum4 (2)
   "ST_IDLE" 2'b00,
   "ST_DISPATCH" 2'b01,
   "ST_DONE" 2'b10
 ;
v0x59637df31e80_0 .net "clk", 0 0, o0x74e822638228;  alias, 0 drivers
v0x59637df31f60_0 .var "curr_expert", 2 0;
v0x59637df32040_0 .var "curr_token", 5 0;
v0x59637df32100_0 .var "dispatch_done", 0 0;
v0x59637df321c0_0 .var "dispatch_expert_id", 2 0;
v0x59637df322f0_0 .var "dispatch_token_id", 4 0;
v0x59637df323d0_0 .var "dispatch_valid", 0 0;
v0x59637df32490_0 .var "expert_count", 47 0;
v0x59637df32570_0 .var "next_expert", 2 0;
v0x59637df32650_0 .var "next_state", 1 0;
v0x59637df32730_0 .var "next_token", 5 0;
v0x59637df32810_0 .net "rst_n", 0 0, o0x74e822638438;  alias, 0 drivers
v0x59637df328d0_0 .net "start_dispatch", 0 0, o0x74e822638468;  alias, 0 drivers
v0x59637df32990_0 .var "state", 1 0;
v0x59637df32a70 .array "token_experts", 63 0, 2 0;
v0x59637df33330 .array "token_loaded", 0 31, 0 0;
v0x59637df338e0_0 .net "wr_en", 0 0, o0x74e8226396c8;  alias, 0 drivers
v0x59637df33ab0 .array "wr_expert_decoded", 0 1, 2 0;
v0x59637df33b70_0 .net "wr_expert_ids", 5 0, v0x59637df352d0_0;  alias, 1 drivers
v0x59637df33c50_0 .net "wr_token_id", 4 0, o0x74e822639728;  alias, 0 drivers
E_0x59637def2f40/0 .event edge, v0x59637df32990_0, v0x59637df31f60_0, v0x59637df32040_0, v0x59637df328d0_0;
v0x59637df33330_0 .array/port v0x59637df33330, 0;
v0x59637df33330_1 .array/port v0x59637df33330, 1;
v0x59637df33330_2 .array/port v0x59637df33330, 2;
v0x59637df33330_3 .array/port v0x59637df33330, 3;
E_0x59637def2f40/1 .event edge, v0x59637df33330_0, v0x59637df33330_1, v0x59637df33330_2, v0x59637df33330_3;
v0x59637df33330_4 .array/port v0x59637df33330, 4;
v0x59637df33330_5 .array/port v0x59637df33330, 5;
v0x59637df33330_6 .array/port v0x59637df33330, 6;
v0x59637df33330_7 .array/port v0x59637df33330, 7;
E_0x59637def2f40/2 .event edge, v0x59637df33330_4, v0x59637df33330_5, v0x59637df33330_6, v0x59637df33330_7;
v0x59637df33330_8 .array/port v0x59637df33330, 8;
v0x59637df33330_9 .array/port v0x59637df33330, 9;
v0x59637df33330_10 .array/port v0x59637df33330, 10;
v0x59637df33330_11 .array/port v0x59637df33330, 11;
E_0x59637def2f40/3 .event edge, v0x59637df33330_8, v0x59637df33330_9, v0x59637df33330_10, v0x59637df33330_11;
v0x59637df33330_12 .array/port v0x59637df33330, 12;
v0x59637df33330_13 .array/port v0x59637df33330, 13;
v0x59637df33330_14 .array/port v0x59637df33330, 14;
v0x59637df33330_15 .array/port v0x59637df33330, 15;
E_0x59637def2f40/4 .event edge, v0x59637df33330_12, v0x59637df33330_13, v0x59637df33330_14, v0x59637df33330_15;
v0x59637df33330_16 .array/port v0x59637df33330, 16;
v0x59637df33330_17 .array/port v0x59637df33330, 17;
v0x59637df33330_18 .array/port v0x59637df33330, 18;
v0x59637df33330_19 .array/port v0x59637df33330, 19;
E_0x59637def2f40/5 .event edge, v0x59637df33330_16, v0x59637df33330_17, v0x59637df33330_18, v0x59637df33330_19;
v0x59637df33330_20 .array/port v0x59637df33330, 20;
v0x59637df33330_21 .array/port v0x59637df33330, 21;
v0x59637df33330_22 .array/port v0x59637df33330, 22;
v0x59637df33330_23 .array/port v0x59637df33330, 23;
E_0x59637def2f40/6 .event edge, v0x59637df33330_20, v0x59637df33330_21, v0x59637df33330_22, v0x59637df33330_23;
v0x59637df33330_24 .array/port v0x59637df33330, 24;
v0x59637df33330_25 .array/port v0x59637df33330, 25;
v0x59637df33330_26 .array/port v0x59637df33330, 26;
v0x59637df33330_27 .array/port v0x59637df33330, 27;
E_0x59637def2f40/7 .event edge, v0x59637df33330_24, v0x59637df33330_25, v0x59637df33330_26, v0x59637df33330_27;
v0x59637df33330_28 .array/port v0x59637df33330, 28;
v0x59637df33330_29 .array/port v0x59637df33330, 29;
v0x59637df33330_30 .array/port v0x59637df33330, 30;
v0x59637df33330_31 .array/port v0x59637df33330, 31;
E_0x59637def2f40/8 .event edge, v0x59637df33330_28, v0x59637df33330_29, v0x59637df33330_30, v0x59637df33330_31;
v0x59637df32a70_0 .array/port v0x59637df32a70, 0;
v0x59637df32a70_1 .array/port v0x59637df32a70, 1;
v0x59637df32a70_2 .array/port v0x59637df32a70, 2;
v0x59637df32a70_3 .array/port v0x59637df32a70, 3;
E_0x59637def2f40/9 .event edge, v0x59637df32a70_0, v0x59637df32a70_1, v0x59637df32a70_2, v0x59637df32a70_3;
v0x59637df32a70_4 .array/port v0x59637df32a70, 4;
v0x59637df32a70_5 .array/port v0x59637df32a70, 5;
v0x59637df32a70_6 .array/port v0x59637df32a70, 6;
v0x59637df32a70_7 .array/port v0x59637df32a70, 7;
E_0x59637def2f40/10 .event edge, v0x59637df32a70_4, v0x59637df32a70_5, v0x59637df32a70_6, v0x59637df32a70_7;
v0x59637df32a70_8 .array/port v0x59637df32a70, 8;
v0x59637df32a70_9 .array/port v0x59637df32a70, 9;
v0x59637df32a70_10 .array/port v0x59637df32a70, 10;
v0x59637df32a70_11 .array/port v0x59637df32a70, 11;
E_0x59637def2f40/11 .event edge, v0x59637df32a70_8, v0x59637df32a70_9, v0x59637df32a70_10, v0x59637df32a70_11;
v0x59637df32a70_12 .array/port v0x59637df32a70, 12;
v0x59637df32a70_13 .array/port v0x59637df32a70, 13;
v0x59637df32a70_14 .array/port v0x59637df32a70, 14;
v0x59637df32a70_15 .array/port v0x59637df32a70, 15;
E_0x59637def2f40/12 .event edge, v0x59637df32a70_12, v0x59637df32a70_13, v0x59637df32a70_14, v0x59637df32a70_15;
v0x59637df32a70_16 .array/port v0x59637df32a70, 16;
v0x59637df32a70_17 .array/port v0x59637df32a70, 17;
v0x59637df32a70_18 .array/port v0x59637df32a70, 18;
v0x59637df32a70_19 .array/port v0x59637df32a70, 19;
E_0x59637def2f40/13 .event edge, v0x59637df32a70_16, v0x59637df32a70_17, v0x59637df32a70_18, v0x59637df32a70_19;
v0x59637df32a70_20 .array/port v0x59637df32a70, 20;
v0x59637df32a70_21 .array/port v0x59637df32a70, 21;
v0x59637df32a70_22 .array/port v0x59637df32a70, 22;
v0x59637df32a70_23 .array/port v0x59637df32a70, 23;
E_0x59637def2f40/14 .event edge, v0x59637df32a70_20, v0x59637df32a70_21, v0x59637df32a70_22, v0x59637df32a70_23;
v0x59637df32a70_24 .array/port v0x59637df32a70, 24;
v0x59637df32a70_25 .array/port v0x59637df32a70, 25;
v0x59637df32a70_26 .array/port v0x59637df32a70, 26;
v0x59637df32a70_27 .array/port v0x59637df32a70, 27;
E_0x59637def2f40/15 .event edge, v0x59637df32a70_24, v0x59637df32a70_25, v0x59637df32a70_26, v0x59637df32a70_27;
v0x59637df32a70_28 .array/port v0x59637df32a70, 28;
v0x59637df32a70_29 .array/port v0x59637df32a70, 29;
v0x59637df32a70_30 .array/port v0x59637df32a70, 30;
v0x59637df32a70_31 .array/port v0x59637df32a70, 31;
E_0x59637def2f40/16 .event edge, v0x59637df32a70_28, v0x59637df32a70_29, v0x59637df32a70_30, v0x59637df32a70_31;
v0x59637df32a70_32 .array/port v0x59637df32a70, 32;
v0x59637df32a70_33 .array/port v0x59637df32a70, 33;
v0x59637df32a70_34 .array/port v0x59637df32a70, 34;
v0x59637df32a70_35 .array/port v0x59637df32a70, 35;
E_0x59637def2f40/17 .event edge, v0x59637df32a70_32, v0x59637df32a70_33, v0x59637df32a70_34, v0x59637df32a70_35;
v0x59637df32a70_36 .array/port v0x59637df32a70, 36;
v0x59637df32a70_37 .array/port v0x59637df32a70, 37;
v0x59637df32a70_38 .array/port v0x59637df32a70, 38;
v0x59637df32a70_39 .array/port v0x59637df32a70, 39;
E_0x59637def2f40/18 .event edge, v0x59637df32a70_36, v0x59637df32a70_37, v0x59637df32a70_38, v0x59637df32a70_39;
v0x59637df32a70_40 .array/port v0x59637df32a70, 40;
v0x59637df32a70_41 .array/port v0x59637df32a70, 41;
v0x59637df32a70_42 .array/port v0x59637df32a70, 42;
v0x59637df32a70_43 .array/port v0x59637df32a70, 43;
E_0x59637def2f40/19 .event edge, v0x59637df32a70_40, v0x59637df32a70_41, v0x59637df32a70_42, v0x59637df32a70_43;
v0x59637df32a70_44 .array/port v0x59637df32a70, 44;
v0x59637df32a70_45 .array/port v0x59637df32a70, 45;
v0x59637df32a70_46 .array/port v0x59637df32a70, 46;
v0x59637df32a70_47 .array/port v0x59637df32a70, 47;
E_0x59637def2f40/20 .event edge, v0x59637df32a70_44, v0x59637df32a70_45, v0x59637df32a70_46, v0x59637df32a70_47;
v0x59637df32a70_48 .array/port v0x59637df32a70, 48;
v0x59637df32a70_49 .array/port v0x59637df32a70, 49;
v0x59637df32a70_50 .array/port v0x59637df32a70, 50;
v0x59637df32a70_51 .array/port v0x59637df32a70, 51;
E_0x59637def2f40/21 .event edge, v0x59637df32a70_48, v0x59637df32a70_49, v0x59637df32a70_50, v0x59637df32a70_51;
v0x59637df32a70_52 .array/port v0x59637df32a70, 52;
v0x59637df32a70_53 .array/port v0x59637df32a70, 53;
v0x59637df32a70_54 .array/port v0x59637df32a70, 54;
v0x59637df32a70_55 .array/port v0x59637df32a70, 55;
E_0x59637def2f40/22 .event edge, v0x59637df32a70_52, v0x59637df32a70_53, v0x59637df32a70_54, v0x59637df32a70_55;
v0x59637df32a70_56 .array/port v0x59637df32a70, 56;
v0x59637df32a70_57 .array/port v0x59637df32a70, 57;
v0x59637df32a70_58 .array/port v0x59637df32a70, 58;
v0x59637df32a70_59 .array/port v0x59637df32a70, 59;
E_0x59637def2f40/23 .event edge, v0x59637df32a70_56, v0x59637df32a70_57, v0x59637df32a70_58, v0x59637df32a70_59;
v0x59637df32a70_60 .array/port v0x59637df32a70, 60;
v0x59637df32a70_61 .array/port v0x59637df32a70, 61;
v0x59637df32a70_62 .array/port v0x59637df32a70, 62;
v0x59637df32a70_63 .array/port v0x59637df32a70, 63;
E_0x59637def2f40/24 .event edge, v0x59637df32a70_60, v0x59637df32a70_61, v0x59637df32a70_62, v0x59637df32a70_63;
E_0x59637def2f40/25 .event edge, v0x59637df32040_0;
E_0x59637def2f40 .event/or E_0x59637def2f40/0, E_0x59637def2f40/1, E_0x59637def2f40/2, E_0x59637def2f40/3, E_0x59637def2f40/4, E_0x59637def2f40/5, E_0x59637def2f40/6, E_0x59637def2f40/7, E_0x59637def2f40/8, E_0x59637def2f40/9, E_0x59637def2f40/10, E_0x59637def2f40/11, E_0x59637def2f40/12, E_0x59637def2f40/13, E_0x59637def2f40/14, E_0x59637def2f40/15, E_0x59637def2f40/16, E_0x59637def2f40/17, E_0x59637def2f40/18, E_0x59637def2f40/19, E_0x59637def2f40/20, E_0x59637def2f40/21, E_0x59637def2f40/22, E_0x59637def2f40/23, E_0x59637def2f40/24, E_0x59637def2f40/25;
E_0x59637def0e50/0 .event negedge, v0x59637df32810_0;
E_0x59637def0e50/1 .event posedge, v0x59637df31e80_0;
E_0x59637def0e50 .event/or E_0x59637def0e50/0, E_0x59637def0e50/1;
E_0x59637deb2f30/0 .event edge, v0x59637df33330_0, v0x59637df33330_1, v0x59637df33330_2, v0x59637df33330_3;
E_0x59637deb2f30/1 .event edge, v0x59637df33330_4, v0x59637df33330_5, v0x59637df33330_6, v0x59637df33330_7;
E_0x59637deb2f30/2 .event edge, v0x59637df33330_8, v0x59637df33330_9, v0x59637df33330_10, v0x59637df33330_11;
E_0x59637deb2f30/3 .event edge, v0x59637df33330_12, v0x59637df33330_13, v0x59637df33330_14, v0x59637df33330_15;
E_0x59637deb2f30/4 .event edge, v0x59637df33330_16, v0x59637df33330_17, v0x59637df33330_18, v0x59637df33330_19;
E_0x59637deb2f30/5 .event edge, v0x59637df33330_20, v0x59637df33330_21, v0x59637df33330_22, v0x59637df33330_23;
E_0x59637deb2f30/6 .event edge, v0x59637df33330_24, v0x59637df33330_25, v0x59637df33330_26, v0x59637df33330_27;
E_0x59637deb2f30/7 .event edge, v0x59637df33330_28, v0x59637df33330_29, v0x59637df33330_30, v0x59637df33330_31;
E_0x59637deb2f30/8 .event edge, v0x59637df32a70_0, v0x59637df32a70_1, v0x59637df32a70_2, v0x59637df32a70_3;
E_0x59637deb2f30/9 .event edge, v0x59637df32a70_4, v0x59637df32a70_5, v0x59637df32a70_6, v0x59637df32a70_7;
E_0x59637deb2f30/10 .event edge, v0x59637df32a70_8, v0x59637df32a70_9, v0x59637df32a70_10, v0x59637df32a70_11;
E_0x59637deb2f30/11 .event edge, v0x59637df32a70_12, v0x59637df32a70_13, v0x59637df32a70_14, v0x59637df32a70_15;
E_0x59637deb2f30/12 .event edge, v0x59637df32a70_16, v0x59637df32a70_17, v0x59637df32a70_18, v0x59637df32a70_19;
E_0x59637deb2f30/13 .event edge, v0x59637df32a70_20, v0x59637df32a70_21, v0x59637df32a70_22, v0x59637df32a70_23;
E_0x59637deb2f30/14 .event edge, v0x59637df32a70_24, v0x59637df32a70_25, v0x59637df32a70_26, v0x59637df32a70_27;
E_0x59637deb2f30/15 .event edge, v0x59637df32a70_28, v0x59637df32a70_29, v0x59637df32a70_30, v0x59637df32a70_31;
E_0x59637deb2f30/16 .event edge, v0x59637df32a70_32, v0x59637df32a70_33, v0x59637df32a70_34, v0x59637df32a70_35;
E_0x59637deb2f30/17 .event edge, v0x59637df32a70_36, v0x59637df32a70_37, v0x59637df32a70_38, v0x59637df32a70_39;
E_0x59637deb2f30/18 .event edge, v0x59637df32a70_40, v0x59637df32a70_41, v0x59637df32a70_42, v0x59637df32a70_43;
E_0x59637deb2f30/19 .event edge, v0x59637df32a70_44, v0x59637df32a70_45, v0x59637df32a70_46, v0x59637df32a70_47;
E_0x59637deb2f30/20 .event edge, v0x59637df32a70_48, v0x59637df32a70_49, v0x59637df32a70_50, v0x59637df32a70_51;
E_0x59637deb2f30/21 .event edge, v0x59637df32a70_52, v0x59637df32a70_53, v0x59637df32a70_54, v0x59637df32a70_55;
E_0x59637deb2f30/22 .event edge, v0x59637df32a70_56, v0x59637df32a70_57, v0x59637df32a70_58, v0x59637df32a70_59;
E_0x59637deb2f30/23 .event edge, v0x59637df32a70_60, v0x59637df32a70_61, v0x59637df32a70_62, v0x59637df32a70_63;
E_0x59637deb2f30 .event/or E_0x59637deb2f30/0, E_0x59637deb2f30/1, E_0x59637deb2f30/2, E_0x59637deb2f30/3, E_0x59637deb2f30/4, E_0x59637deb2f30/5, E_0x59637deb2f30/6, E_0x59637deb2f30/7, E_0x59637deb2f30/8, E_0x59637deb2f30/9, E_0x59637deb2f30/10, E_0x59637deb2f30/11, E_0x59637deb2f30/12, E_0x59637deb2f30/13, E_0x59637deb2f30/14, E_0x59637deb2f30/15, E_0x59637deb2f30/16, E_0x59637deb2f30/17, E_0x59637deb2f30/18, E_0x59637deb2f30/19, E_0x59637deb2f30/20, E_0x59637deb2f30/21, E_0x59637deb2f30/22, E_0x59637deb2f30/23;
E_0x59637df11280 .event edge, v0x59637df33b70_0;
S_0x59637df11b10 .scope begin, "$ivl_for_loop3" "$ivl_for_loop3" 4 34, 4 34 0, S_0x59637deedb80;
 .timescale 0 0;
v0x59637deeedd0_0 .var/2s "k", 31 0;
S_0x59637df30430 .scope begin, "$ivl_for_loop4" "$ivl_for_loop4" 4 42, 4 42 0, S_0x59637deedb80;
 .timescale 0 0;
v0x59637ded37a0_0 .var/2s "t", 31 0;
S_0x59637df30630 .scope begin, "$ivl_for_loop5" "$ivl_for_loop5" 4 44, 4 44 0, S_0x59637df30430;
 .timescale 0 0;
v0x59637deee670_0 .var/2s "k", 31 0;
S_0x59637df308d0 .scope begin, "$ivl_for_loop6" "$ivl_for_loop6" 4 50, 4 50 0, S_0x59637deedb80;
 .timescale 0 0;
v0x59637decc4a0_0 .var/2s "k", 31 0;
S_0x59637df30af0 .scope begin, "$ivl_for_loop7" "$ivl_for_loop7" 4 58, 4 58 0, S_0x59637deedb80;
 .timescale 0 0;
v0x59637df31770_0 .var/2s "e", 31 0;
S_0x59637df30cd0 .scope begin, "$unm_blk_20" "$unm_blk_20" 4 58, 4 58 0, S_0x59637df30af0;
 .timescale 0 0;
v0x59637df31670_0 .var "count", 5 0;
S_0x59637df30ed0 .scope begin, "$ivl_for_loop8" "$ivl_for_loop8" 4 61, 4 61 0, S_0x59637df30cd0;
 .timescale 0 0;
v0x59637df31570_0 .var/2s "t", 31 0;
S_0x59637df310d0 .scope begin, "$unm_blk_22" "$unm_blk_22" 4 62, 4 62 0, S_0x59637df30ed0;
 .timescale 0 0;
v0x59637df06320_0 .var "match", 0 0;
S_0x59637df312d0 .scope begin, "$ivl_for_loop9" "$ivl_for_loop9" 4 65, 4 65 0, S_0x59637df310d0;
 .timescale 0 0;
v0x59637df048a0_0 .var/2s "k", 31 0;
S_0x59637df31870 .scope begin, "$unm_blk_29" "$unm_blk_29" 4 102, 4 102 0, S_0x59637deedb80;
 .timescale 0 0;
v0x59637df31da0_0 .var "match", 0 0;
S_0x59637df31aa0 .scope begin, "$ivl_for_loop10" "$ivl_for_loop10" 4 128, 4 128 0, S_0x59637df31870;
 .timescale 0 0;
v0x59637df31ca0_0 .var/2s "k", 31 0;
S_0x59637df33e90 .scope module, "u_topk_selector" "topk_selector" 3 37, 5 1 0, S_0x59637ded2ca0;
 .timescale 0 0;
    .port_info 0 /INPUT 128 "scores_in";
    .port_info 1 /OUTPUT 6 "topk_idx";
    .port_info 2 /OUTPUT 32 "topk_score";
P_0x59637df34040 .param/l "IDX_WIDTH" 0 5 5, +C4<00000000000000000000000000000011>;
P_0x59637df34080 .param/l "NUM_EXPERTS" 0 5 2, +C4<00000000000000000000000000001000>;
P_0x59637df340c0 .param/l "SCORE_WIDTH" 0 5 3, +C4<00000000000000000000000000010000>;
P_0x59637df34100 .param/l "TOP_K" 0 5 4, +C4<00000000000000000000000000000010>;
v0x59637df34c10_0 .var "max1_idx", 2 0;
v0x59637df34d10_0 .var "max1_val", 15 0;
v0x59637df34df0_0 .var "max2_idx", 2 0;
v0x59637df34eb0_0 .var "max2_val", 15 0;
v0x59637df34f90 .array "scores", 0 7, 15 0;
v0x59637df351f0_0 .net "scores_in", 127 0, o0x74e822639c38;  alias, 0 drivers
v0x59637df352d0_0 .var "topk_idx", 5 0;
v0x59637df35390_0 .var "topk_score", 31 0;
v0x59637df34f90_0 .array/port v0x59637df34f90, 0;
v0x59637df34f90_1 .array/port v0x59637df34f90, 1;
v0x59637df34f90_2 .array/port v0x59637df34f90, 2;
v0x59637df34f90_3 .array/port v0x59637df34f90, 3;
E_0x59637df11410/0 .event edge, v0x59637df34f90_0, v0x59637df34f90_1, v0x59637df34f90_2, v0x59637df34f90_3;
v0x59637df34f90_4 .array/port v0x59637df34f90, 4;
v0x59637df34f90_5 .array/port v0x59637df34f90, 5;
v0x59637df34f90_6 .array/port v0x59637df34f90, 6;
v0x59637df34f90_7 .array/port v0x59637df34f90, 7;
E_0x59637df11410/1 .event edge, v0x59637df34f90_4, v0x59637df34f90_5, v0x59637df34f90_6, v0x59637df34f90_7;
E_0x59637df11410 .event/or E_0x59637df11410/0, E_0x59637df11410/1;
E_0x59637df114f0 .event edge, v0x59637df351f0_0;
S_0x59637df34370 .scope begin, "$ivl_for_loop0" "$ivl_for_loop0" 5 16, 5 16 0, S_0x59637df33e90;
 .timescale 0 0;
v0x59637df34570_0 .var/2s "i", 31 0;
S_0x59637df34670 .scope begin, "$ivl_for_loop1" "$ivl_for_loop1" 5 31, 5 31 0, S_0x59637df33e90;
 .timescale 0 0;
v0x59637df34870_0 .var/2s "i", 31 0;
S_0x59637df34950 .scope begin, "$ivl_for_loop2" "$ivl_for_loop2" 5 48, 5 48 0, S_0x59637df33e90;
 .timescale 0 0;
v0x59637df34b30_0 .var/2s "i", 31 0;
    .scope S_0x59637df33e90;
T_0 ;
Ewait_0 .event/or E_0x59637df114f0, E_0x0;
    %wait Ewait_0;
    %fork t_1, S_0x59637df34370;
    %jmp t_0;
    .scope S_0x59637df34370;
t_1 ;
    %pushi/vec4 0, 0, 32;
    %store/vec4 v0x59637df34570_0, 0, 32;
T_0.0 ;
    %load/vec4 v0x59637df34570_0;
    %cmpi/s 8, 0, 32;
    %jmp/0xz T_0.1, 5;
    %load/vec4 v0x59637df351f0_0;
    %load/vec4 v0x59637df34570_0;
    %muli 16, 0, 32;
    %part/s 16;
    %ix/getv/s 4, v0x59637df34570_0;
    %store/vec4a v0x59637df34f90, 4, 0;
    ; show_stmt_assign_vector: Get l-value for compressed += operand
    %load/vec4 v0x59637df34570_0;
    %pushi/vec4 1, 0, 32;
    %add;
    %cast2;
    %store/vec4 v0x59637df34570_0, 0, 32;
    %jmp T_0.0;
T_0.1 ;
    %end;
    .scope S_0x59637df33e90;
t_0 %join;
    %jmp T_0;
    .thread T_0, $push;
    .scope S_0x59637df33e90;
T_1 ;
Ewait_1 .event/or E_0x59637df11410, E_0x0;
    %wait Ewait_1;
    %ix/load 4, 0, 0;
    %flag_set/imm 4, 0;
    %load/vec4a v0x59637df34f90, 4;
    %store/vec4 v0x59637df34d10_0, 0, 16;
    %pushi/vec4 0, 0, 3;
    %store/vec4 v0x59637df34c10_0, 0, 3;
    %fork t_3, S_0x59637df34670;
    %jmp t_2;
    .scope S_0x59637df34670;
t_3 ;
    %pushi/vec4 1, 0, 32;
    %store/vec4 v0x59637df34870_0, 0, 32;
T_1.0 ;
    %load/vec4 v0x59637df34870_0;
    %cmpi/s 8, 0, 32;
    %jmp/0xz T_1.1, 5;
    %load/vec4 v0x59637df34d10_0;
    %ix/getv/s 4, v0x59637df34870_0;
    %load/vec4a v0x59637df34f90, 4;
    %cmp/u;
    %jmp/0xz  T_1.2, 5;
    %ix/getv/s 4, v0x59637df34870_0;
    %load/vec4a v0x59637df34f90, 4;
    %store/vec4 v0x59637df34d10_0, 0, 16;
    %load/vec4 v0x59637df34870_0;
    %pad/s 3;
    %store/vec4 v0x59637df34c10_0, 0, 3;
T_1.2 ;
    ; show_stmt_assign_vector: Get l-value for compressed += operand
    %load/vec4 v0x59637df34870_0;
    %pushi/vec4 1, 0, 32;
    %add;
    %cast2;
    %store/vec4 v0x59637df34870_0, 0, 32;
    %jmp T_1.0;
T_1.1 ;
    %end;
    .scope S_0x59637df33e90;
t_2 %join;
    %load/vec4 v0x59637df34c10_0;
    %cmpi/e 0, 0, 3;
    %jmp/0xz  T_1.4, 4;
    %ix/load 4, 1, 0;
    %flag_set/imm 4, 0;
    %load/vec4a v0x59637df34f90, 4;
    %store/vec4 v0x59637df34eb0_0, 0, 16;
    %pushi/vec4 1, 0, 3;
    %store/vec4 v0x59637df34df0_0, 0, 3;
    %jmp T_1.5;
T_1.4 ;
    %ix/load 4, 0, 0;
    %flag_set/imm 4, 0;
    %load/vec4a v0x59637df34f90, 4;
    %store/vec4 v0x59637df34eb0_0, 0, 16;
    %pushi/vec4 0, 0, 3;
    %store/vec4 v0x59637df34df0_0, 0, 3;
T_1.5 ;
    %fork t_5, S_0x59637df34950;
    %jmp t_4;
    .scope S_0x59637df34950;
t_5 ;
    %pushi/vec4 0, 0, 32;
    %store/vec4 v0x59637df34b30_0, 0, 32;
T_1.6 ;
    %load/vec4 v0x59637df34b30_0;
    %cmpi/s 8, 0, 32;
    %jmp/0xz T_1.7, 5;
    %load/vec4 v0x59637df34b30_0;
    %pad/u 3;
    %load/vec4 v0x59637df34c10_0;
    %cmp/ne;
    %jmp/0xz  T_1.8, 4;
    %load/vec4 v0x59637df34eb0_0;
    %ix/getv/s 4, v0x59637df34b30_0;
    %load/vec4a v0x59637df34f90, 4;
    %cmp/u;
    %jmp/0xz  T_1.10, 5;
    %ix/getv/s 4, v0x59637df34b30_0;
    %load/vec4a v0x59637df34f90, 4;
    %store/vec4 v0x59637df34eb0_0, 0, 16;
    %load/vec4 v0x59637df34b30_0;
    %pad/s 3;
    %store/vec4 v0x59637df34df0_0, 0, 3;
T_1.10 ;
T_1.8 ;
    ; show_stmt_assign_vector: Get l-value for compressed += operand
    %load/vec4 v0x59637df34b30_0;
    %pushi/vec4 1, 0, 32;
    %add;
    %cast2;
    %store/vec4 v0x59637df34b30_0, 0, 32;
    %jmp T_1.6;
T_1.7 ;
    %end;
    .scope S_0x59637df33e90;
t_4 %join;
    %load/vec4 v0x59637df34c10_0;
    %ix/load 4, 0, 0;
    %flag_set/imm 4, 0;
    %store/vec4 v0x59637df352d0_0, 4, 3;
    %load/vec4 v0x59637df34df0_0;
    %ix/load 4, 3, 0;
    %flag_set/imm 4, 0;
    %store/vec4 v0x59637df352d0_0, 4, 3;
    %load/vec4 v0x59637df34d10_0;
    %ix/load 4, 0, 0;
    %flag_set/imm 4, 0;
    %store/vec4 v0x59637df35390_0, 4, 16;
    %load/vec4 v0x59637df34eb0_0;
    %ix/load 4, 16, 0;
    %flag_set/imm 4, 0;
    %store/vec4 v0x59637df35390_0, 4, 16;
    %jmp T_1;
    .thread T_1, $push;
    .scope S_0x59637deedb80;
T_2 ;
Ewait_2 .event/or E_0x59637df11280, E_0x0;
    %wait Ewait_2;
    %fork t_7, S_0x59637df11b10;
    %jmp t_6;
    .scope S_0x59637df11b10;
t_7 ;
    %pushi/vec4 0, 0, 32;
    %store/vec4 v0x59637deeedd0_0, 0, 32;
T_2.0 ;
    %load/vec4 v0x59637deeedd0_0;
    %cmpi/s 2, 0, 32;
    %jmp/0xz T_2.1, 5;
    %load/vec4 v0x59637df33b70_0;
    %load/vec4 v0x59637deeedd0_0;
    %muli 3, 0, 32;
    %part/s 3;
    %ix/getv/s 4, v0x59637deeedd0_0;
    %store/vec4a v0x59637df33ab0, 4, 0;
    ; show_stmt_assign_vector: Get l-value for compressed += operand
    %load/vec4 v0x59637deeedd0_0;
    %pushi/vec4 1, 0, 32;
    %add;
    %cast2;
    %store/vec4 v0x59637deeedd0_0, 0, 32;
    %jmp T_2.0;
T_2.1 ;
    %end;
    .scope S_0x59637deedb80;
t_6 %join;
    %jmp T_2;
    .thread T_2, $push;
    .scope S_0x59637deedb80;
T_3 ;
    %wait E_0x59637def0e50;
    %load/vec4 v0x59637df32810_0;
    %nor/r;
    %flag_set/vec4 8;
    %jmp/0xz  T_3.0, 8;
    %fork t_9, S_0x59637df30430;
    %jmp t_8;
    .scope S_0x59637df30430;
t_9 ;
    %pushi/vec4 0, 0, 32;
    %store/vec4 v0x59637ded37a0_0, 0, 32;
T_3.2 ;
    %load/vec4 v0x59637ded37a0_0;
    %cmpi/s 32, 0, 32;
    %jmp/0xz T_3.3, 5;
    %pushi/vec4 0, 0, 1;
    %ix/getv/s 3, v0x59637ded37a0_0;
    %ix/load 4, 0, 0; Constant delay
    %assign/vec4/a/d v0x59637df33330, 0, 4;
    %fork t_11, S_0x59637df30630;
    %jmp t_10;
    .scope S_0x59637df30630;
t_11 ;
    %pushi/vec4 0, 0, 32;
    %store/vec4 v0x59637deee670_0, 0, 32;
T_3.4 ;
    %load/vec4 v0x59637deee670_0;
    %cmpi/s 2, 0, 32;
    %jmp/0xz T_3.5, 5;
    %pushi/vec4 0, 0, 3;
    %load/vec4 v0x59637ded37a0_0;
    %pad/s 34;
    %pad/s 35;
    %muli 2, 0, 35;
    %pad/s 36;
    %load/vec4 v0x59637deee670_0;
    %pad/s 36;
    %add;
    %ix/vec4/s 3;
    %ix/load 4, 0, 0; Constant delay
    %assign/vec4/a/d v0x59637df32a70, 0, 4;
    ; show_stmt_assign_vector: Get l-value for compressed += operand
    %load/vec4 v0x59637deee670_0;
    %pushi/vec4 1, 0, 32;
    %add;
    %cast2;
    %store/vec4 v0x59637deee670_0, 0, 32;
    %jmp T_3.4;
T_3.5 ;
    %end;
    .scope S_0x59637df30430;
t_10 %join;
    ; show_stmt_assign_vector: Get l-value for compressed += operand
    %load/vec4 v0x59637ded37a0_0;
    %pushi/vec4 1, 0, 32;
    %add;
    %cast2;
    %store/vec4 v0x59637ded37a0_0, 0, 32;
    %jmp T_3.2;
T_3.3 ;
    %end;
    .scope S_0x59637deedb80;
t_8 %join;
    %jmp T_3.1;
T_3.0 ;
    %load/vec4 v0x59637df338e0_0;
    %flag_set/vec4 8;
    %jmp/0xz  T_3.6, 8;
    %pushi/vec4 1, 0, 1;
    %load/vec4 v0x59637df33c50_0;
    %pad/u 7;
    %ix/vec4 3;
    %ix/load 4, 0, 0; Constant delay
    %assign/vec4/a/d v0x59637df33330, 0, 4;
    %fork t_13, S_0x59637df308d0;
    %jmp t_12;
    .scope S_0x59637df308d0;
t_13 ;
    %pushi/vec4 0, 0, 32;
    %store/vec4 v0x59637decc4a0_0, 0, 32;
T_3.8 ;
    %load/vec4 v0x59637decc4a0_0;
    %cmpi/s 2, 0, 32;
    %jmp/0xz T_3.9, 5;
    %ix/getv/s 4, v0x59637decc4a0_0;
    %load/vec4a v0x59637df33ab0, 4;
    %load/vec4 v0x59637df33c50_0;
    %pad/u 9;
    %pad/u 10;
    %muli 2, 0, 10;
    %pad/u 11;
    %load/vec4 v0x59637decc4a0_0;
    %pad/s 11;
    %add;
    %ix/vec4 3;
    %ix/load 4, 0, 0; Constant delay
    %assign/vec4/a/d v0x59637df32a70, 0, 4;
    ; show_stmt_assign_vector: Get l-value for compressed += operand
    %load/vec4 v0x59637decc4a0_0;
    %pushi/vec4 1, 0, 32;
    %add;
    %cast2;
    %store/vec4 v0x59637decc4a0_0, 0, 32;
    %jmp T_3.8;
T_3.9 ;
    %end;
    .scope S_0x59637deedb80;
t_12 %join;
T_3.6 ;
T_3.1 ;
    %jmp T_3;
    .thread T_3;
    .scope S_0x59637deedb80;
T_4 ;
Ewait_3 .event/or E_0x59637deb2f30, E_0x0;
    %wait Ewait_3;
    %fork t_15, S_0x59637df30af0;
    %jmp t_14;
    .scope S_0x59637df30af0;
t_15 ;
    %pushi/vec4 0, 0, 32;
    %store/vec4 v0x59637df31770_0, 0, 32;
T_4.0 ;
    %load/vec4 v0x59637df31770_0;
    %cmpi/s 8, 0, 32;
    %jmp/0xz T_4.1, 5;
    %fork t_17, S_0x59637df30cd0;
    %jmp t_16;
    .scope S_0x59637df30cd0;
t_17 ;
    %pushi/vec4 0, 0, 6;
    %store/vec4 v0x59637df31670_0, 0, 6;
    %fork t_19, S_0x59637df30ed0;
    %jmp t_18;
    .scope S_0x59637df30ed0;
t_19 ;
    %pushi/vec4 0, 0, 32;
    %store/vec4 v0x59637df31570_0, 0, 32;
T_4.2 ;
    %load/vec4 v0x59637df31570_0;
    %cmpi/s 32, 0, 32;
    %jmp/0xz T_4.3, 5;
    %ix/getv/s 4, v0x59637df31570_0;
    %load/vec4a v0x59637df33330, 4;
    %flag_set/vec4 8;
    %jmp/0xz  T_4.4, 8;
    %fork t_21, S_0x59637df310d0;
    %jmp t_20;
    .scope S_0x59637df310d0;
t_21 ;
    %pushi/vec4 0, 0, 1;
    %store/vec4 v0x59637df06320_0, 0, 1;
    %fork t_23, S_0x59637df312d0;
    %jmp t_22;
    .scope S_0x59637df312d0;
t_23 ;
    %pushi/vec4 0, 0, 32;
    %store/vec4 v0x59637df048a0_0, 0, 32;
T_4.6 ;
    %load/vec4 v0x59637df048a0_0;
    %cmpi/s 2, 0, 32;
    %jmp/0xz T_4.7, 5;
    %load/vec4 v0x59637df31570_0;
    %pad/s 34;
    %pad/s 35;
    %muli 2, 0, 35;
    %pad/s 36;
    %load/vec4 v0x59637df048a0_0;
    %pad/s 36;
    %add;
    %ix/vec4/s 4;
    %load/vec4a v0x59637df32a70, 4;
    %load/vec4 v0x59637df31770_0;
    %pad/u 3;
    %cmp/e;
    %jmp/0xz  T_4.8, 4;
    %pushi/vec4 1, 0, 1;
    %store/vec4 v0x59637df06320_0, 0, 1;
T_4.8 ;
    ; show_stmt_assign_vector: Get l-value for compressed += operand
    %load/vec4 v0x59637df048a0_0;
    %pushi/vec4 1, 0, 32;
    %add;
    %cast2;
    %store/vec4 v0x59637df048a0_0, 0, 32;
    %jmp T_4.6;
T_4.7 ;
    %end;
    .scope S_0x59637df310d0;
t_22 %join;
    %load/vec4 v0x59637df06320_0;
    %flag_set/vec4 8;
    %jmp/0xz  T_4.10, 8;
    %load/vec4 v0x59637df31670_0;
    %addi 1, 0, 6;
    %store/vec4 v0x59637df31670_0, 0, 6;
T_4.10 ;
    %end;
    .scope S_0x59637df30ed0;
t_20 %join;
T_4.4 ;
    ; show_stmt_assign_vector: Get l-value for compressed += operand
    %load/vec4 v0x59637df31570_0;
    %pushi/vec4 1, 0, 32;
    %add;
    %cast2;
    %store/vec4 v0x59637df31570_0, 0, 32;
    %jmp T_4.2;
T_4.3 ;
    %end;
    .scope S_0x59637df30cd0;
t_18 %join;
    %load/vec4 v0x59637df31670_0;
    %load/vec4 v0x59637df31770_0;
    %muli 6, 0, 32;
    %ix/vec4/s 4;
    %store/vec4 v0x59637df32490_0, 4, 6;
    %end;
    .scope S_0x59637df30af0;
t_16 %join;
    ; show_stmt_assign_vector: Get l-value for compressed += operand
    %load/vec4 v0x59637df31770_0;
    %pushi/vec4 1, 0, 32;
    %add;
    %cast2;
    %store/vec4 v0x59637df31770_0, 0, 32;
    %jmp T_4.0;
T_4.1 ;
    %end;
    .scope S_0x59637deedb80;
t_14 %join;
    %jmp T_4;
    .thread T_4, $push;
    .scope S_0x59637deedb80;
T_5 ;
    %wait E_0x59637def0e50;
    %load/vec4 v0x59637df32810_0;
    %nor/r;
    %flag_set/vec4 8;
    %jmp/0xz  T_5.0, 8;
    %pushi/vec4 0, 0, 2;
    %assign/vec4 v0x59637df32990_0, 0;
    %pushi/vec4 0, 0, 3;
    %assign/vec4 v0x59637df31f60_0, 0;
    %pushi/vec4 0, 0, 6;
    %assign/vec4 v0x59637df32040_0, 0;
    %jmp T_5.1;
T_5.0 ;
    %load/vec4 v0x59637df32650_0;
    %assign/vec4 v0x59637df32990_0, 0;
    %load/vec4 v0x59637df32570_0;
    %assign/vec4 v0x59637df31f60_0, 0;
    %load/vec4 v0x59637df32730_0;
    %assign/vec4 v0x59637df32040_0, 0;
T_5.1 ;
    %jmp T_5;
    .thread T_5;
    .scope S_0x59637deedb80;
T_6 ;
Ewait_4 .event/or E_0x59637def2f40, E_0x0;
    %wait Ewait_4;
    %fork t_25, S_0x59637df31870;
    %jmp t_24;
    .scope S_0x59637df31870;
t_25 ;
    %pushi/vec4 0, 0, 1;
    %store/vec4 v0x59637df31da0_0, 0, 1;
    %load/vec4 v0x59637df32990_0;
    %store/vec4 v0x59637df32650_0, 0, 2;
    %load/vec4 v0x59637df31f60_0;
    %store/vec4 v0x59637df32570_0, 0, 3;
    %load/vec4 v0x59637df32040_0;
    %store/vec4 v0x59637df32730_0, 0, 6;
    %pushi/vec4 0, 0, 1;
    %store/vec4 v0x59637df323d0_0, 0, 1;
    %pushi/vec4 0, 0, 3;
    %store/vec4 v0x59637df321c0_0, 0, 3;
    %pushi/vec4 0, 0, 5;
    %store/vec4 v0x59637df322f0_0, 0, 5;
    %pushi/vec4 0, 0, 1;
    %store/vec4 v0x59637df32100_0, 0, 1;
    %load/vec4 v0x59637df32990_0;
    %dup/vec4;
    %pushi/vec4 0, 0, 2;
    %cmp/u;
    %jmp/1 T_6.0, 6;
    %dup/vec4;
    %pushi/vec4 1, 0, 2;
    %cmp/u;
    %jmp/1 T_6.1, 6;
    %dup/vec4;
    %pushi/vec4 2, 0, 2;
    %cmp/u;
    %jmp/1 T_6.2, 6;
    %pushi/vec4 0, 0, 2;
    %store/vec4 v0x59637df32650_0, 0, 2;
    %jmp T_6.4;
T_6.0 ;
    %load/vec4 v0x59637df328d0_0;
    %flag_set/vec4 8;
    %jmp/0xz  T_6.5, 8;
    %pushi/vec4 1, 0, 2;
    %store/vec4 v0x59637df32650_0, 0, 2;
    %pushi/vec4 0, 0, 3;
    %store/vec4 v0x59637df32570_0, 0, 3;
    %pushi/vec4 0, 0, 6;
    %store/vec4 v0x59637df32730_0, 0, 6;
T_6.5 ;
    %jmp T_6.4;
T_6.1 ;
    %load/vec4 v0x59637df32040_0;
    %cmpi/u 0, 0, 6;
    %jmp/0xz  T_6.7, 5;
    %load/vec4 v0x59637df32040_0;
    %pad/u 7;
    %ix/vec4 4;
    %load/vec4a v0x59637df33330, 4;
    %flag_set/vec4 8;
    %jmp/0xz  T_6.9, 8;
    %fork t_27, S_0x59637df31aa0;
    %jmp t_26;
    .scope S_0x59637df31aa0;
t_27 ;
    %pushi/vec4 0, 0, 32;
    %store/vec4 v0x59637df31ca0_0, 0, 32;
T_6.11 ;
    %load/vec4 v0x59637df31ca0_0;
    %cmpi/s 2, 0, 32;
    %jmp/0xz T_6.12, 5;
    %load/vec4 v0x59637df32040_0;
    %pad/u 9;
    %pad/u 10;
    %muli 2, 0, 10;
    %pad/u 11;
    %load/vec4 v0x59637df31ca0_0;
    %pad/s 11;
    %add;
    %ix/vec4 4;
    %load/vec4a v0x59637df32a70, 4;
    %load/vec4 v0x59637df31f60_0;
    %cmp/e;
    %jmp/0xz  T_6.13, 4;
    %pushi/vec4 1, 0, 1;
    %store/vec4 v0x59637df31da0_0, 0, 1;
T_6.13 ;
    ; show_stmt_assign_vector: Get l-value for compressed += operand
    %load/vec4 v0x59637df31ca0_0;
    %pushi/vec4 1, 0, 32;
    %add;
    %cast2;
    %store/vec4 v0x59637df31ca0_0, 0, 32;
    %jmp T_6.11;
T_6.12 ;
    %end;
    .scope S_0x59637df31870;
t_26 %join;
T_6.9 ;
    %load/vec4 v0x59637df31da0_0;
    %flag_set/vec4 8;
    %jmp/0xz  T_6.15, 8;
    %pushi/vec4 1, 0, 1;
    %store/vec4 v0x59637df323d0_0, 0, 1;
    %load/vec4 v0x59637df31f60_0;
    %store/vec4 v0x59637df321c0_0, 0, 3;
    %load/vec4 v0x59637df32040_0;
    %parti/s 5, 0, 2;
    %store/vec4 v0x59637df322f0_0, 0, 5;
T_6.15 ;
    %load/vec4 v0x59637df32040_0;
    %addi 1, 0, 6;
    %store/vec4 v0x59637df32730_0, 0, 6;
    %jmp T_6.8;
T_6.7 ;
    %load/vec4 v0x59637df31f60_0;
    %cmpi/e 7, 0, 3;
    %jmp/0xz  T_6.17, 4;
    %pushi/vec4 2, 0, 2;
    %store/vec4 v0x59637df32650_0, 0, 2;
    %jmp T_6.18;
T_6.17 ;
    %load/vec4 v0x59637df31f60_0;
    %addi 1, 0, 3;
    %store/vec4 v0x59637df32570_0, 0, 3;
    %pushi/vec4 0, 0, 6;
    %store/vec4 v0x59637df32730_0, 0, 6;
T_6.18 ;
T_6.8 ;
    %jmp T_6.4;
T_6.2 ;
    %pushi/vec4 1, 0, 1;
    %store/vec4 v0x59637df32100_0, 0, 1;
    %load/vec4 v0x59637df328d0_0;
    %nor/r;
    %flag_set/vec4 8;
    %jmp/0xz  T_6.19, 8;
    %pushi/vec4 0, 0, 2;
    %store/vec4 v0x59637df32650_0, 0, 2;
T_6.19 ;
    %jmp T_6.4;
T_6.4 ;
    %pop/vec4 1;
    %end;
    .scope S_0x59637deedb80;
t_24 %join;
    %jmp T_6;
    .thread T_6, $push;
# The file index is used to find the file name in the following table.
:file_names 6;
    "N/A";
    "<interactive>";
    "-";
    "/home/a/prototype/mena-prototype/rtl/mena_top_stub.sv";
    "/home/a/prototype/mena-prototype/rtl/token_dispatcher.sv";
    "/home/a/prototype/mena-prototype/rtl/topk_selector.sv";
